
> vynl-pro@0.1.0 build
> prisma generate && next build

node.exe : warn The configuration property 
`package.json#prisma` is deprecated and will be removed in 
Prisma 7. Please migrate to a Prisma config file (e.g., 
`prisma.config.ts`).
At line:1 char:1
+ & "C:\Program Files\nodejs/node.exe" "C:\Program 
Files\nodejs/node_mo ...
+ ~~~~~~~~~~~~~~~~~~~~~~~~~~~~~~~~~~~~~~~~~~~~~~~~~~~~~~~~~~~~
~~~~~~~~~
    + CategoryInfo          : NotSpecified: (warn The config. 
   ..ma.config.ts`).:String) [], RemoteException
    + FullyQualifiedErrorId : NativeCommandError
 
For more information, see: https://pris.ly/prisma-config

Environment variables loaded from .env
Prisma schema loaded from prisma\schema.prisma

Γ£ö Generated Prisma Client (v6.19.2) to .\node_modules\@prisma\client in 113ms

Start by importing your Prisma Client (See: https://pris.ly/d/importing-client)

Tip: Interested in query caching in just a few lines of code? Try Accelerate today! https://pris.ly/tip-3-accelerate

   Γû▓ Next.js 15.5.12
   - Environments: .env.local, .env

   Creating an optimized production build ...
 Γ£ô Compiled successfully in 3.4s
   Linting and checking validity of types ...
Failed to compile.

./app/settings/SettingsClient.tsx:74:62
Type error: Property 'primaryColor' does not exist on type 
'ThemeConfig'.

[0m [90m 72 |[39m                 [33m<[39m[33mdiv[39m
 [90m 73 |[39m                     
className[33m=[39m[32m"absolute top-[-10%] right-[-10%] 
w-[50vw] h-[50vw] blur-[150px] rounded-full 
animate-pulse"[39m
[31m[1m>[22m[39m[90m 74 |[39m                     
style[33m=[39m{{ backgroundColor[33m:[39m 
[32m`${themeConfig.primaryColor}22`[39m }}
 [90m    |[39m                                              
                [31m[1m^[22m[39m
 [90m 75 |[39m                 [33m/[39m[33m>[39m
 [90m 76 |[39m                 [33m<[39m[33mdiv[39m
 [90m 77 |[39m                     
className[33m=[39m[32m"absolute bottom-[-10%] left-[-10%] 
w-[50vw] h-[50vw] blur-[150px] rounded-full 
animate-pulse"[39m[0m
Next.js build worker exited with code: 1 and signal: null
